  Determinando los proyectos que se van a restaurar...
  Todos los proyectos est├ín actualizados para la restauraci├│n.
C:\Program Files\dotnet\sdk\10.0.103\Microsoft.Common.CurrentVersion.targets(5381,5): warning MSB3026: No se pudo copiar "C:\Users\amat_\Desktop\MCV ingenieros\Dyndns\src\Dyndns.Service\obj\Debug\net8.0\apphost.exe" en "bin\Debug\net8.0\Dyndns.Service.exe". Se iniciar├í el reintento 1 dentro de 1000ms. The process cannot access the file 'C:\Users\amat_\Desktop\MCV ingenieros\Dyndns\src\Dyndns.Service\bin\Debug\net8.0\Dyndns.Service.exe' because it is being used by another process. El archivo se ha bloqueado por: "Dyndns.Service (27760)" [C:\Users\amat_\Desktop\MCV ingenieros\Dyndns\src\Dyndns.Service\Dyndns.Service.csproj]
C:\Program Files\dotnet\sdk\10.0.103\Microsoft.Common.CurrentVersion.targets(5381,5): warning MSB3026: No se pudo copiar "C:\Users\amat_\Desktop\MCV ingenieros\Dyndns\src\Dyndns.Service\obj\Debug\net8.0\apphost.exe" en "bin\Debug\net8.0\Dyndns.Service.exe". Se iniciar├í el reintento 2 dentro de 1000ms. The process cannot access the file 'C:\Users\amat_\Desktop\MCV ingenieros\Dyndns\src\Dyndns.Service\bin\Debug\net8.0\Dyndns.Service.exe' because it is being used by another process. El archivo se ha bloqueado por: "Dyndns.Service (27760)" [C:\Users\amat_\Desktop\MCV ingenieros\Dyndns\src\Dyndns.Service\Dyndns.Service.csproj]
C:\Program Files\dotnet\sdk\10.0.103\Microsoft.Common.CurrentVersion.targets(5381,5): warning MSB3026: No se pudo copiar "C:\Users\amat_\Desktop\MCV ingenieros\Dyndns\src\Dyndns.Service\obj\Debug\net8.0\apphost.exe" en "bin\Debug\net8.0\Dyndns.Service.exe". Se iniciar├í el reintento 3 dentro de 1000ms. The process cannot access the file 'C:\Users\amat_\Desktop\MCV ingenieros\Dyndns\src\Dyndns.Service\bin\Debug\net8.0\Dyndns.Service.exe' because it is being used by another process. El archivo se ha bloqueado por: "Dyndns.Service (27760)" [C:\Users\amat_\Desktop\MCV ingenieros\Dyndns\src\Dyndns.Service\Dyndns.Service.csproj]
C:\Program Files\dotnet\sdk\10.0.103\Microsoft.Common.CurrentVersion.targets(5381,5): warning MSB3026: No se pudo copiar "C:\Users\amat_\Desktop\MCV ingenieros\Dyndns\src\Dyndns.Service\obj\Debug\net8.0\apphost.exe" en "bin\Debug\net8.0\Dyndns.Service.exe". Se iniciar├í el reintento 4 dentro de 1000ms. The process cannot access the file 'C:\Users\amat_\Desktop\MCV ingenieros\Dyndns\src\Dyndns.Service\bin\Debug\net8.0\Dyndns.Service.exe' because it is being used by another process. El archivo se ha bloqueado por: "Dyndns.Service (27760)" [C:\Users\amat_\Desktop\MCV ingenieros\Dyndns\src\Dyndns.Service\Dyndns.Service.csproj]
C:\Program Files\dotnet\sdk\10.0.103\Microsoft.Common.CurrentVersion.targets(5381,5): warning MSB3026: No se pudo copiar "C:\Users\amat_\Desktop\MCV ingenieros\Dyndns\src\Dyndns.Service\obj\Debug\net8.0\apphost.exe" en "bin\Debug\net8.0\Dyndns.Service.exe". Se iniciar├í el reintento 5 dentro de 1000ms. The process cannot access the file 'C:\Users\amat_\Desktop\MCV ingenieros\Dyndns\src\Dyndns.Service\bin\Debug\net8.0\Dyndns.Service.exe' because it is being used by another process. El archivo se ha bloqueado por: "Dyndns.Service (27760)" [C:\Users\amat_\Desktop\MCV ingenieros\Dyndns\src\Dyndns.Service\Dyndns.Service.csproj]
C:\Program Files\dotnet\sdk\10.0.103\Microsoft.Common.CurrentVersion.targets(5381,5): warning MSB3026: No se pudo copiar "C:\Users\amat_\Desktop\MCV ingenieros\Dyndns\src\Dyndns.Service\obj\Debug\net8.0\apphost.exe" en "bin\Debug\net8.0\Dyndns.Service.exe". Se iniciar├í el reintento 6 dentro de 1000ms. The process cannot access the file 'C:\Users\amat_\Desktop\MCV ingenieros\Dyndns\src\Dyndns.Service\bin\Debug\net8.0\Dyndns.Service.exe' because it is being used by another process. El archivo se ha bloqueado por: "Dyndns.Service (27760)" [C:\Users\amat_\Desktop\MCV ingenieros\Dyndns\src\Dyndns.Service\Dyndns.Service.csproj]
C:\Program Files\dotnet\sdk\10.0.103\Microsoft.Common.CurrentVersion.targets(5381,5): warning MSB3026: No se pudo copiar "C:\Users\amat_\Desktop\MCV ingenieros\Dyndns\src\Dyndns.Service\obj\Debug\net8.0\apphost.exe" en "bin\Debug\net8.0\Dyndns.Service.exe". Se iniciar├í el reintento 7 dentro de 1000ms. The process cannot access the file 'C:\Users\amat_\Desktop\MCV ingenieros\Dyndns\src\Dyndns.Service\bin\Debug\net8.0\Dyndns.Service.exe' because it is being used by another process. El archivo se ha bloqueado por: "Dyndns.Service (27760)" [C:\Users\amat_\Desktop\MCV ingenieros\Dyndns\src\Dyndns.Service\Dyndns.Service.csproj]
C:\Program Files\dotnet\sdk\10.0.103\Microsoft.Common.CurrentVersion.targets(5381,5): warning MSB3026: No se pudo copiar "C:\Users\amat_\Desktop\MCV ingenieros\Dyndns\src\Dyndns.Service\obj\Debug\net8.0\apphost.exe" en "bin\Debug\net8.0\Dyndns.Service.exe". Se iniciar├í el reintento 8 dentro de 1000ms. The process cannot access the file 'C:\Users\amat_\Desktop\MCV ingenieros\Dyndns\src\Dyndns.Service\bin\Debug\net8.0\Dyndns.Service.exe' because it is being used by another process. El archivo se ha bloqueado por: "Dyndns.Service (27760)" [C:\Users\amat_\Desktop\MCV ingenieros\Dyndns\src\Dyndns.Service\Dyndns.Service.csproj]
C:\Program Files\dotnet\sdk\10.0.103\Microsoft.Common.CurrentVersion.targets(5381,5): warning MSB3026: No se pudo copiar "C:\Users\amat_\Desktop\MCV ingenieros\Dyndns\src\Dyndns.Service\obj\Debug\net8.0\apphost.exe" en "bin\Debug\net8.0\Dyndns.Service.exe". Se iniciar├í el reintento 9 dentro de 1000ms. The process cannot access the file 'C:\Users\amat_\Desktop\MCV ingenieros\Dyndns\src\Dyndns.Service\bin\Debug\net8.0\Dyndns.Service.exe' because it is being used by another process. El archivo se ha bloqueado por: "Dyndns.Service (27760)" [C:\Users\amat_\Desktop\MCV ingenieros\Dyndns\src\Dyndns.Service\Dyndns.Service.csproj]
C:\Program Files\dotnet\sdk\10.0.103\Microsoft.Common.CurrentVersion.targets(5381,5): warning MSB3026: No se pudo copiar "C:\Users\amat_\Desktop\MCV ingenieros\Dyndns\src\Dyndns.Service\obj\Debug\net8.0\apphost.exe" en "bin\Debug\net8.0\Dyndns.Service.exe". Se iniciar├í el reintento 10 dentro de 1000ms. The process cannot access the file 'C:\Users\amat_\Desktop\MCV ingenieros\Dyndns\src\Dyndns.Service\bin\Debug\net8.0\Dyndns.Service.exe' because it is being used by another process. El archivo se ha bloqueado por: "Dyndns.Service (27760)" [C:\Users\amat_\Desktop\MCV ingenieros\Dyndns\src\Dyndns.Service\Dyndns.Service.csproj]
C:\Program Files\dotnet\sdk\10.0.103\Microsoft.Common.CurrentVersion.targets(5381,5): error MSB3027: No se pudo copiar "C:\Users\amat_\Desktop\MCV ingenieros\Dyndns\src\Dyndns.Service\obj\Debug\net8.0\apphost.exe" en "bin\Debug\net8.0\Dyndns.Service.exe". Se super├│ el n├║mero de 10 reintentos. Error. El archivo se ha bloqueado por: "Dyndns.Service (27760)" [C:\Users\amat_\Desktop\MCV ingenieros\Dyndns\src\Dyndns.Service\Dyndns.Service.csproj]
C:\Program Files\dotnet\sdk\10.0.103\Microsoft.Common.CurrentVersion.targets(5381,5): error MSB3021: No se puede copiar "C:\Users\amat_\Desktop\MCV ingenieros\Dyndns\src\Dyndns.Service\obj\Debug\net8.0\apphost.exe" en "bin\Debug\net8.0\Dyndns.Service.exe". The process cannot access the file 'C:\Users\amat_\Desktop\MCV ingenieros\Dyndns\src\Dyndns.Service\bin\Debug\net8.0\Dyndns.Service.exe' because it is being used by another process. [C:\Users\amat_\Desktop\MCV ingenieros\Dyndns\src\Dyndns.Service\Dyndns.Service.csproj]
